// Jest Snapshot v1, https://goo.gl/fbAQLP

exports[`404.vue renders correctly 1`] = `<div>404ÔºÅ</div>`;
