// Jest Snapshot v1, https://goo.gl/fbAQLP

exports[`UpdatePassword.vue renders correctly 1`] = `
<div style="height: 100%;">
  <update-password-inner submitfunc="function () { [native code] }" decodefunc="function () { [native code] }"></update-password-inner>
</div>
`;
