// Jest Snapshot v1, https://goo.gl/fbAQLP

exports[`BaseD3Graph.vue renders nodes and links correctly 1`] = `<div id="ggg" class="D3_graph-box"></div>`;
